// Jest Snapshot v1, https://goo.gl/fbAQLP

exports[`<LinkItem /> should render snapshot 1`] = `
.c0 {
  display: -webkit-box;
  display: -webkit-flex;
  display: -ms-flexbox;
  display: flex;
  gap: 0.5rem;
  padding: 1rem;
  text-align: center;
  -webkit-text-decoration: none;
  text-decoration: none;
  cursor: pointer;
  color: #36a4a8;
  font-size: 120;
}

.c0:hover {
  background-color: #eceff5;
  color: #36a4a8;
}

.c0:active {
  background-color: #eceff5;
  color: #36a4a8;
}

<a
  class="c0"
  role="link-item"
>
  LinkItem
</a>
`;
