// Jest Snapshot v1, https://goo.gl/fbAQLP

exports[`<Pagination /> should render snapshot 1`] = `
.c0 {
  display: grid;
  display: grid;
  grid-auto-columns: 80% auto;
  text-align: justify;
}

.c2 {
  background: white;
  border-radius: 4px;
  padding: 0.4rem;
  text-align: center;
  -webkit-align-content: center;
  -ms-flex-line-pack: center;
  align-content: center;
  -webkit-box-pack: justify;
  -webkit-justify-content: space-between;
  -ms-flex-pack: justify;
  justify-content: space-between;
}

.c1 {
  display: -webkit-box;
  display: -webkit-flex;
  display: -ms-flexbox;
  display: flex;
  text-align: justify;
  gap: 1rem;
}

@media screen and (max-width:600px) {
  .c0 {
    display: revert;
    width: 100%;
  }
}

<div
  class="c0"
  role="pagination"
>
  <div
    class="c1"
  >
    <div
      class="c2"
    >
       Total 12 registros
    </div>
  </div>
</div>
`;
